This is pdfTeX, Version 3.14159265-2.6-1.40.20 (TeX Live 2019/Debian) (preloaded format=pdftex 2024.6.28)  29 JUN 2024 12:28
entering extended mode
 restricted \write18 enabled.
 %&-line parsing enabled.
**documentclass{article}begin{docuement}5883na+b=cn5883end{docuement}
(./test.tex
! Undefined control sequence.
l.1 \documentclass
                  {article}
? 
! Interruption.
<to be read again> 
                   {
l.1 \documentclass{
                   article}
? 
! Undefined control sequence.
l.2 \begin
          {document}
? 
[1{/var/lib/texmf/fonts/map/pdftex/updmap/pdftex.map}] )</usr/share/texlive/tex
mf-dist/fonts/type1/public/amsfonts/cm/cmmi10.pfb></usr/share/texlive/texmf-dis
t/fonts/type1/public/amsfonts/cm/cmr10.pfb>
Output written on test.pdf (1 page, 21351 bytes).
PDF statistics:
 16 PDF objects out of 1000 (max. 8388607)
 10 compressed objects within 1 object stream
 0 named destinations out of 1000 (max. 500000)
 1 words of extra memory for PDF output out of 10000 (max. 10000000)

